src/controllers/authController.ts(4,33): error TS2835: Relative import paths need explicit file extensions in ECMAScript imports when '--moduleResolution' is 'node16' or 'nodenext'. Did you mean '../utils/authUtils.js'?
src/routes/authRoutes.ts(4,43): error TS2835: Relative import paths need explicit file extensions in ECMAScript imports when '--moduleResolution' is 'node16' or 'nodenext'. Did you mean '../utils/validators.js'?
src/routes/vaultRoutes.ts(5,34): error TS2835: Relative import paths need explicit file extensions in ECMAScript imports when '--moduleResolution' is 'node16' or 'nodenext'. Did you mean '../utils/validators.js'?
